-- The C compiler identification is GNU 13.3.0
-- The CXX compiler identification is GNU 13.3.0
-- Detecting C compiler ABI info
-- Detecting C compiler ABI info - done
-- Check for working C compiler: /usr/bin/cc - skipped
-- Detecting C compile features
-- Detecting C compile features - done
-- Detecting CXX compiler ABI info
-- Detecting CXX compiler ABI info - done
-- Check for working CXX compiler: /usr/bin/c++ - skipped
-- Detecting CXX compile features
-- Detecting CXX compile features - done
-- Found ament_cmake: 2.5.6 (/opt/ros/jazzy/share/ament_cmake/cmake)
-- Found Python3: /usr/bin/python3 (found version "3.12.3") found components: Interpreter 
-- Configuring done (0.7s)
-- Generating done (0.0s)
-- Build files have been written to: /home/duyanh/Documents/2_ros2_prj/pendulum_ws/build/description_robot
-- Install configuration: ""
-- Up-to-date: /home/duyanh/Documents/2_ros2_prj/pendulum_ws/install/description_robot/share/description_robot/launch
-- Up-to-date: /home/duyanh/Documents/2_ros2_prj/pendulum_ws/install/description_robot/share/description_robot/urdf
-- Up-to-date: /home/duyanh/Documents/2_ros2_prj/pendulum_ws/install/description_robot/share/description_robot/config
-- Installing: /home/duyanh/Documents/2_ros2_prj/pendulum_ws/install/description_robot/share/description_robot/package.dsv
