[0.011s] Invoking command in '/home/duyanh/Documents/2_ros2_prj/pendulum_ws/build/description_robot': CMAKE_PREFIX_PATH=${CMAKE_PREFIX_PATH}:/opt/ros/jazzy DEBUGINFOD_URLS=https://debuginfod.ubuntu.com /usr/bin/cmake /home/duyanh/Documents/2_ros2_prj/pendulum_ws/src/description_robot -DCMAKE_INSTALL_PREFIX=/home/duyanh/Documents/2_ros2_prj/pendulum_ws/install/description_robot
[0.139s] -- The C compiler identification is GNU 13.3.0
[0.249s] -- The CXX compiler identification is GNU 13.3.0
[0.265s] -- Detecting C compiler ABI info
[0.358s] -- Detecting C compiler ABI info - done
[0.365s] -- Check for working C compiler: /usr/bin/cc - skipped
[0.365s] -- Detecting C compile features
[0.365s] -- Detecting C compile features - done
[0.375s] -- Detecting CXX compiler ABI info
[0.468s] -- Detecting CXX compiler ABI info - done
[0.475s] -- Check for working CXX compiler: /usr/bin/c++ - skipped
[0.475s] -- Detecting CXX compile features
[0.476s] -- Detecting CXX compile features - done
[0.479s] -- Found ament_cmake: 2.5.6 (/opt/ros/jazzy/share/ament_cmake/cmake)
[0.601s] -- Found Python3: /usr/bin/python3 (found version "3.12.3") found components: Interpreter 
[0.762s] -- Configuring done (0.7s)
[0.764s] -- Generating done (0.0s)
[0.765s] -- Build files have been written to: /home/duyanh/Documents/2_ros2_prj/pendulum_ws/build/description_robot
[0.770s] Invoked command in '/home/duyanh/Documents/2_ros2_prj/pendulum_ws/build/description_robot' returned '0': CMAKE_PREFIX_PATH=${CMAKE_PREFIX_PATH}:/opt/ros/jazzy DEBUGINFOD_URLS=https://debuginfod.ubuntu.com /usr/bin/cmake /home/duyanh/Documents/2_ros2_prj/pendulum_ws/src/description_robot -DCMAKE_INSTALL_PREFIX=/home/duyanh/Documents/2_ros2_prj/pendulum_ws/install/description_robot
[0.771s] Invoking command in '/home/duyanh/Documents/2_ros2_prj/pendulum_ws/build/description_robot': CMAKE_PREFIX_PATH=${CMAKE_PREFIX_PATH}:/opt/ros/jazzy DEBUGINFOD_URLS=https://debuginfod.ubuntu.com /usr/bin/cmake --build /home/duyanh/Documents/2_ros2_prj/pendulum_ws/build/description_robot -- -j12 -l12
[0.804s] Invoked command in '/home/duyanh/Documents/2_ros2_prj/pendulum_ws/build/description_robot' returned '0': CMAKE_PREFIX_PATH=${CMAKE_PREFIX_PATH}:/opt/ros/jazzy DEBUGINFOD_URLS=https://debuginfod.ubuntu.com /usr/bin/cmake --build /home/duyanh/Documents/2_ros2_prj/pendulum_ws/build/description_robot -- -j12 -l12
[0.813s] Invoking command in '/home/duyanh/Documents/2_ros2_prj/pendulum_ws/build/description_robot': CMAKE_PREFIX_PATH=${CMAKE_PREFIX_PATH}:/opt/ros/jazzy DEBUGINFOD_URLS=https://debuginfod.ubuntu.com /usr/bin/cmake --install /home/duyanh/Documents/2_ros2_prj/pendulum_ws/build/description_robot
[0.821s] -- Install configuration: ""
[0.821s] -- Up-to-date: /home/duyanh/Documents/2_ros2_prj/pendulum_ws/install/description_robot/share/description_robot/launch
[0.821s] -- Up-to-date: /home/duyanh/Documents/2_ros2_prj/pendulum_ws/install/description_robot/share/description_robot/urdf
[0.821s] -- Up-to-date: /home/duyanh/Documents/2_ros2_prj/pendulum_ws/install/description_robot/share/description_robot/config
[0.821s] -- Installing: /home/duyanh/Documents/2_ros2_prj/pendulum_ws/install/description_robot/share/description_robot/package.dsv
[0.823s] Invoked command in '/home/duyanh/Documents/2_ros2_prj/pendulum_ws/build/description_robot' returned '0': CMAKE_PREFIX_PATH=${CMAKE_PREFIX_PATH}:/opt/ros/jazzy DEBUGINFOD_URLS=https://debuginfod.ubuntu.com /usr/bin/cmake --install /home/duyanh/Documents/2_ros2_prj/pendulum_ws/build/description_robot
