running egg_info
writing ../../build/pendulum_stabilizer_control/pendulum_stabilizer_control.egg-info/PKG-INFO
writing dependency_links to ../../build/pendulum_stabilizer_control/pendulum_stabilizer_control.egg-info/dependency_links.txt
writing entry points to ../../build/pendulum_stabilizer_control/pendulum_stabilizer_control.egg-info/entry_points.txt
writing requirements to ../../build/pendulum_stabilizer_control/pendulum_stabilizer_control.egg-info/requires.txt
writing top-level names to ../../build/pendulum_stabilizer_control/pendulum_stabilizer_control.egg-info/top_level.txt
reading manifest file '../../build/pendulum_stabilizer_control/pendulum_stabilizer_control.egg-info/SOURCES.txt'
writing manifest file '../../build/pendulum_stabilizer_control/pendulum_stabilizer_control.egg-info/SOURCES.txt'
running build
running build_py
copying pendulum_stabilizer_control/controller_code.py -> /home/duyanh/Documents/2_ros2_prj/pendulum_ws/build/pendulum_stabilizer_control/build/lib/pendulum_stabilizer_control
running install
running install_lib
copying /home/duyanh/Documents/2_ros2_prj/pendulum_ws/build/pendulum_stabilizer_control/build/lib/pendulum_stabilizer_control/controller_code.py -> /home/duyanh/Documents/2_ros2_prj/pendulum_ws/install/pendulum_stabilizer_control/lib/python3.12/site-packages/pendulum_stabilizer_control
byte-compiling /home/duyanh/Documents/2_ros2_prj/pendulum_ws/install/pendulum_stabilizer_control/lib/python3.12/site-packages/pendulum_stabilizer_control/controller_code.py to controller_code.cpython-312.pyc
running install_data
running install_egg_info
removing '/home/duyanh/Documents/2_ros2_prj/pendulum_ws/install/pendulum_stabilizer_control/lib/python3.12/site-packages/pendulum_stabilizer_control-0.0.0-py3.12.egg-info' (and everything under it)
Copying ../../build/pendulum_stabilizer_control/pendulum_stabilizer_control.egg-info to /home/duyanh/Documents/2_ros2_prj/pendulum_ws/install/pendulum_stabilizer_control/lib/python3.12/site-packages/pendulum_stabilizer_control-0.0.0-py3.12.egg-info
running install_scripts
Installing pendulum_controller_node script to /home/duyanh/Documents/2_ros2_prj/pendulum_ws/install/pendulum_stabilizer_control/lib/pendulum_stabilizer_control
writing list of installed files to '/home/duyanh/Documents/2_ros2_prj/pendulum_ws/build/pendulum_stabilizer_control/install.log'
