[0.076s] DEBUG:colcon:Command line arguments: ['/usr/bin/colcon', 'build', '--packages-select', 'description_robot', '--cmake-clean-cache']
[0.076s] DEBUG:colcon:Parsed command line arguments: Namespace(log_base=None, log_level=None, verb_name='build', build_base='build', install_base='install', merge_install=False, symlink_install=False, test_result_base=None, continue_on_error=False, executor='parallel', parallel_workers=12, event_handlers=None, ignore_user_meta=False, metas=['./colcon.meta'], base_paths=['.'], packages_ignore=None, packages_ignore_regex=None, paths=None, packages_up_to=None, packages_up_to_regex=None, packages_above=None, packages_above_and_dependencies=None, packages_above_depth=None, packages_select_by_dep=None, packages_skip_by_dep=None, packages_skip_up_to=None, packages_select_build_failed=False, packages_skip_build_finished=False, packages_select_test_failures=False, packages_skip_test_passed=False, packages_select=['description_robot'], packages_skip=None, packages_select_regex=None, packages_skip_regex=None, packages_start=None, packages_end=None, allow_overriding=[], cmake_args=None, cmake_target=None, cmake_target_skip_unavailable=False, cmake_clean_cache=True, cmake_clean_first=False, cmake_force_configure=False, ament_cmake_args=None, catkin_cmake_args=None, catkin_skip_building_tests=False, mixin_files=None, mixin=None, verb_parser=<colcon_mixin.mixin.mixin_argument.MixinArgumentDecorator object at 0x7e1b1a79c920>, verb_extension=<colcon_core.verb.build.BuildVerb object at 0x7e1b1a71e780>, main=<bound method BuildVerb.main of <colcon_core.verb.build.BuildVerb object at 0x7e1b1a71e780>>, mixin_verb=('build',))
[0.104s] Level 1:colcon.colcon_core.package_discovery:discover_packages(colcon_meta) check parameters
[0.104s] Level 1:colcon.colcon_core.package_discovery:discover_packages(recursive) check parameters
[0.104s] Level 1:colcon.colcon_core.package_discovery:discover_packages(ignore) check parameters
[0.104s] Level 1:colcon.colcon_core.package_discovery:discover_packages(path) check parameters
[0.104s] Level 1:colcon.colcon_core.package_discovery:discover_packages(colcon_meta) discover
[0.104s] Level 1:colcon.colcon_core.package_discovery:discover_packages(recursive) discover
[0.104s] INFO:colcon.colcon_core.package_discovery:Crawling recursively for packages in '/home/duyanh/Documents/2_ros2_prj/pendulum_ws'
[0.104s] Level 1:colcon.colcon_core.package_identification:_identify(.) by extensions ['ignore', 'ignore_ament_install']
[0.105s] Level 1:colcon.colcon_core.package_identification:_identify(.) by extension 'ignore'
[0.105s] Level 1:colcon.colcon_core.package_identification:_identify(.) by extension 'ignore_ament_install'
[0.105s] Level 1:colcon.colcon_core.package_identification:_identify(.) by extensions ['colcon_pkg']
[0.105s] Level 1:colcon.colcon_core.package_identification:_identify(.) by extension 'colcon_pkg'
[0.105s] Level 1:colcon.colcon_core.package_identification:_identify(.) by extensions ['colcon_meta']
[0.105s] Level 1:colcon.colcon_core.package_identification:_identify(.) by extension 'colcon_meta'
[0.105s] Level 1:colcon.colcon_core.package_identification:_identify(.) by extensions ['ros']
[0.105s] Level 1:colcon.colcon_core.package_identification:_identify(.) by extension 'ros'
[0.125s] Level 1:colcon.colcon_core.package_identification:_identify(.) by extensions ['cmake', 'python']
[0.125s] Level 1:colcon.colcon_core.package_identification:_identify(.) by extension 'cmake'
[0.125s] Level 1:colcon.colcon_core.package_identification:_identify(.) by extension 'python'
[0.125s] Level 1:colcon.colcon_core.package_identification:_identify(.) by extensions ['python_setup_py']
[0.125s] Level 1:colcon.colcon_core.package_identification:_identify(.) by extension 'python_setup_py'
[0.125s] Level 1:colcon.colcon_core.package_identification:_identify(build) by extensions ['ignore', 'ignore_ament_install']
[0.125s] Level 1:colcon.colcon_core.package_identification:_identify(build) by extension 'ignore'
[0.125s] Level 1:colcon.colcon_core.package_identification:_identify(build) ignored
[0.125s] Level 1:colcon.colcon_core.package_identification:_identify(install) by extensions ['ignore', 'ignore_ament_install']
[0.125s] Level 1:colcon.colcon_core.package_identification:_identify(install) by extension 'ignore'
[0.125s] Level 1:colcon.colcon_core.package_identification:_identify(install) ignored
[0.125s] Level 1:colcon.colcon_core.package_identification:_identify(log) by extensions ['ignore', 'ignore_ament_install']
[0.125s] Level 1:colcon.colcon_core.package_identification:_identify(log) by extension 'ignore'
[0.125s] Level 1:colcon.colcon_core.package_identification:_identify(log) ignored
[0.125s] Level 1:colcon.colcon_core.package_identification:_identify(src) by extensions ['ignore', 'ignore_ament_install']
[0.125s] Level 1:colcon.colcon_core.package_identification:_identify(src) by extension 'ignore'
[0.125s] Level 1:colcon.colcon_core.package_identification:_identify(src) by extension 'ignore_ament_install'
[0.125s] Level 1:colcon.colcon_core.package_identification:_identify(src) by extensions ['colcon_pkg']
[0.126s] Level 1:colcon.colcon_core.package_identification:_identify(src) by extension 'colcon_pkg'
[0.126s] Level 1:colcon.colcon_core.package_identification:_identify(src) by extensions ['colcon_meta']
[0.126s] Level 1:colcon.colcon_core.package_identification:_identify(src) by extension 'colcon_meta'
[0.126s] Level 1:colcon.colcon_core.package_identification:_identify(src) by extensions ['ros']
[0.126s] Level 1:colcon.colcon_core.package_identification:_identify(src) by extension 'ros'
[0.126s] Level 1:colcon.colcon_core.package_identification:_identify(src) by extensions ['cmake', 'python']
[0.126s] Level 1:colcon.colcon_core.package_identification:_identify(src) by extension 'cmake'
[0.126s] Level 1:colcon.colcon_core.package_identification:_identify(src) by extension 'python'
[0.126s] Level 1:colcon.colcon_core.package_identification:_identify(src) by extensions ['python_setup_py']
[0.126s] Level 1:colcon.colcon_core.package_identification:_identify(src) by extension 'python_setup_py'
[0.126s] Level 1:colcon.colcon_core.package_identification:_identify(src/description_robot) by extensions ['ignore', 'ignore_ament_install']
[0.126s] Level 1:colcon.colcon_core.package_identification:_identify(src/description_robot) by extension 'ignore'
[0.126s] Level 1:colcon.colcon_core.package_identification:_identify(src/description_robot) by extension 'ignore_ament_install'
[0.126s] Level 1:colcon.colcon_core.package_identification:_identify(src/description_robot) by extensions ['colcon_pkg']
[0.126s] Level 1:colcon.colcon_core.package_identification:_identify(src/description_robot) by extension 'colcon_pkg'
[0.126s] Level 1:colcon.colcon_core.package_identification:_identify(src/description_robot) by extensions ['colcon_meta']
[0.126s] Level 1:colcon.colcon_core.package_identification:_identify(src/description_robot) by extension 'colcon_meta'
[0.126s] Level 1:colcon.colcon_core.package_identification:_identify(src/description_robot) by extensions ['ros']
[0.126s] Level 1:colcon.colcon_core.package_identification:_identify(src/description_robot) by extension 'ros'
[0.128s] DEBUG:colcon.colcon_core.package_identification:Package 'src/description_robot' with type 'ros.ament_cmake' and name 'description_robot'
[0.128s] Level 1:colcon.colcon_core.package_discovery:discover_packages(recursive) using defaults
[0.128s] Level 1:colcon.colcon_core.package_discovery:discover_packages(ignore) discover
[0.128s] Level 1:colcon.colcon_core.package_discovery:discover_packages(ignore) using defaults
[0.128s] Level 1:colcon.colcon_core.package_discovery:discover_packages(path) discover
[0.129s] Level 1:colcon.colcon_core.package_discovery:discover_packages(path) using defaults
[0.143s] Level 1:colcon.colcon_core.package_discovery:discover_packages(prefix_path) check parameters
[0.143s] Level 1:colcon.colcon_core.package_discovery:discover_packages(prefix_path) discover
[0.144s] DEBUG:colcon.colcon_installed_package_information.package_discovery:Found 1 installed packages in /home/duyanh/Documents/2_ros2_prj/pendulum_ws/install
[0.145s] DEBUG:colcon.colcon_installed_package_information.package_discovery:Found 352 installed packages in /opt/ros/jazzy
[0.147s] Level 1:colcon.colcon_core.package_discovery:discover_packages(prefix_path) using defaults
[0.177s] Level 5:colcon.colcon_core.verb:set package 'description_robot' build argument 'cmake_args' from command line to 'None'
[0.177s] Level 5:colcon.colcon_core.verb:set package 'description_robot' build argument 'cmake_target' from command line to 'None'
[0.177s] Level 5:colcon.colcon_core.verb:set package 'description_robot' build argument 'cmake_target_skip_unavailable' from command line to 'False'
[0.177s] Level 5:colcon.colcon_core.verb:set package 'description_robot' build argument 'cmake_clean_cache' from command line to 'True'
[0.177s] Level 5:colcon.colcon_core.verb:set package 'description_robot' build argument 'cmake_clean_first' from command line to 'False'
[0.177s] Level 5:colcon.colcon_core.verb:set package 'description_robot' build argument 'cmake_force_configure' from command line to 'False'
[0.177s] Level 5:colcon.colcon_core.verb:set package 'description_robot' build argument 'ament_cmake_args' from command line to 'None'
[0.177s] Level 5:colcon.colcon_core.verb:set package 'description_robot' build argument 'catkin_cmake_args' from command line to 'None'
[0.177s] Level 5:colcon.colcon_core.verb:set package 'description_robot' build argument 'catkin_skip_building_tests' from command line to 'False'
[0.177s] DEBUG:colcon.colcon_core.verb:Building package 'description_robot' with the following arguments: {'ament_cmake_args': None, 'build_base': '/home/duyanh/Documents/2_ros2_prj/pendulum_ws/build/description_robot', 'catkin_cmake_args': None, 'catkin_skip_building_tests': False, 'cmake_args': None, 'cmake_clean_cache': True, 'cmake_clean_first': False, 'cmake_force_configure': False, 'cmake_target': None, 'cmake_target_skip_unavailable': False, 'install_base': '/home/duyanh/Documents/2_ros2_prj/pendulum_ws/install/description_robot', 'merge_install': False, 'path': '/home/duyanh/Documents/2_ros2_prj/pendulum_ws/src/description_robot', 'symlink_install': False, 'test_result_base': None}
[0.177s] INFO:colcon.colcon_core.executor:Executing jobs using 'parallel' executor
[0.178s] DEBUG:colcon.colcon_parallel_executor.executor.parallel:run_until_complete
[0.178s] INFO:colcon.colcon_ros.task.ament_cmake.build:Building ROS package in '/home/duyanh/Documents/2_ros2_prj/pendulum_ws/src/description_robot' with build type 'ament_cmake'
[0.178s] INFO:colcon.colcon_cmake.task.cmake.build:Building CMake package in '/home/duyanh/Documents/2_ros2_prj/pendulum_ws/src/description_robot'
[0.181s] INFO:colcon.colcon_core.plugin_system:Skipping extension 'colcon_core.shell.bat': Not used on non-Windows systems
[0.181s] INFO:colcon.colcon_core.shell:Skip shell extension 'powershell' for command environment: Not usable outside of PowerShell
[0.181s] DEBUG:colcon.colcon_core.shell:Skip shell extension 'dsv' for command environment
[0.190s] DEBUG:colcon.colcon_core.event_handler.log_command:Invoking command in '/home/duyanh/Documents/2_ros2_prj/pendulum_ws/build/description_robot': CMAKE_PREFIX_PATH=${CMAKE_PREFIX_PATH}:/opt/ros/jazzy DEBUGINFOD_URLS=https://debuginfod.ubuntu.com /usr/bin/cmake /home/duyanh/Documents/2_ros2_prj/pendulum_ws/src/description_robot -DCMAKE_INSTALL_PREFIX=/home/duyanh/Documents/2_ros2_prj/pendulum_ws/install/description_robot
[0.949s] DEBUG:colcon.colcon_core.event_handler.log_command:Invoked command in '/home/duyanh/Documents/2_ros2_prj/pendulum_ws/build/description_robot' returned '0': CMAKE_PREFIX_PATH=${CMAKE_PREFIX_PATH}:/opt/ros/jazzy DEBUGINFOD_URLS=https://debuginfod.ubuntu.com /usr/bin/cmake /home/duyanh/Documents/2_ros2_prj/pendulum_ws/src/description_robot -DCMAKE_INSTALL_PREFIX=/home/duyanh/Documents/2_ros2_prj/pendulum_ws/install/description_robot
[0.950s] DEBUG:colcon.colcon_core.event_handler.log_command:Invoking command in '/home/duyanh/Documents/2_ros2_prj/pendulum_ws/build/description_robot': CMAKE_PREFIX_PATH=${CMAKE_PREFIX_PATH}:/opt/ros/jazzy DEBUGINFOD_URLS=https://debuginfod.ubuntu.com /usr/bin/cmake --build /home/duyanh/Documents/2_ros2_prj/pendulum_ws/build/description_robot -- -j12 -l12
[0.982s] DEBUG:colcon.colcon_core.event_handler.log_command:Invoked command in '/home/duyanh/Documents/2_ros2_prj/pendulum_ws/build/description_robot' returned '0': CMAKE_PREFIX_PATH=${CMAKE_PREFIX_PATH}:/opt/ros/jazzy DEBUGINFOD_URLS=https://debuginfod.ubuntu.com /usr/bin/cmake --build /home/duyanh/Documents/2_ros2_prj/pendulum_ws/build/description_robot -- -j12 -l12
[0.992s] DEBUG:colcon.colcon_core.event_handler.log_command:Invoking command in '/home/duyanh/Documents/2_ros2_prj/pendulum_ws/build/description_robot': CMAKE_PREFIX_PATH=${CMAKE_PREFIX_PATH}:/opt/ros/jazzy DEBUGINFOD_URLS=https://debuginfod.ubuntu.com /usr/bin/cmake --install /home/duyanh/Documents/2_ros2_prj/pendulum_ws/build/description_robot
[1.001s] Level 1:colcon.colcon_core.environment:create_environment_scripts_only(description_robot)
[1.002s] DEBUG:colcon.colcon_core.event_handler.log_command:Invoked command in '/home/duyanh/Documents/2_ros2_prj/pendulum_ws/build/description_robot' returned '0': CMAKE_PREFIX_PATH=${CMAKE_PREFIX_PATH}:/opt/ros/jazzy DEBUGINFOD_URLS=https://debuginfod.ubuntu.com /usr/bin/cmake --install /home/duyanh/Documents/2_ros2_prj/pendulum_ws/build/description_robot
[1.004s] Level 1:colcon.colcon_core.environment:checking '/home/duyanh/Documents/2_ros2_prj/pendulum_ws/install/description_robot' for CMake module files
[1.005s] Level 1:colcon.colcon_core.environment:checking '/home/duyanh/Documents/2_ros2_prj/pendulum_ws/install/description_robot' for CMake config files
[1.005s] Level 1:colcon.colcon_core.shell:create_environment_hook('description_robot', 'cmake_prefix_path')
[1.005s] INFO:colcon.colcon_core.shell:Creating environment hook '/home/duyanh/Documents/2_ros2_prj/pendulum_ws/install/description_robot/share/description_robot/hook/cmake_prefix_path.ps1'
[1.005s] INFO:colcon.colcon_core.shell:Creating environment descriptor '/home/duyanh/Documents/2_ros2_prj/pendulum_ws/install/description_robot/share/description_robot/hook/cmake_prefix_path.dsv'
[1.006s] INFO:colcon.colcon_core.shell:Creating environment hook '/home/duyanh/Documents/2_ros2_prj/pendulum_ws/install/description_robot/share/description_robot/hook/cmake_prefix_path.sh'
[1.006s] Level 1:colcon.colcon_core.environment:checking '/home/duyanh/Documents/2_ros2_prj/pendulum_ws/install/description_robot/bin'
[1.006s] Level 1:colcon.colcon_core.environment:checking '/home/duyanh/Documents/2_ros2_prj/pendulum_ws/install/description_robot/lib/pkgconfig/description_robot.pc'
[1.007s] Level 1:colcon.colcon_core.environment:checking '/home/duyanh/Documents/2_ros2_prj/pendulum_ws/install/description_robot/lib/python3.12/site-packages'
[1.007s] Level 1:colcon.colcon_core.environment:checking '/home/duyanh/Documents/2_ros2_prj/pendulum_ws/install/description_robot/bin'
[1.007s] INFO:colcon.colcon_core.shell:Creating package script '/home/duyanh/Documents/2_ros2_prj/pendulum_ws/install/description_robot/share/description_robot/package.ps1'
[1.008s] INFO:colcon.colcon_core.shell:Creating package descriptor '/home/duyanh/Documents/2_ros2_prj/pendulum_ws/install/description_robot/share/description_robot/package.dsv'
[1.009s] INFO:colcon.colcon_core.shell:Creating package script '/home/duyanh/Documents/2_ros2_prj/pendulum_ws/install/description_robot/share/description_robot/package.sh'
[1.009s] INFO:colcon.colcon_core.shell:Creating package script '/home/duyanh/Documents/2_ros2_prj/pendulum_ws/install/description_robot/share/description_robot/package.bash'
[1.009s] INFO:colcon.colcon_core.shell:Creating package script '/home/duyanh/Documents/2_ros2_prj/pendulum_ws/install/description_robot/share/description_robot/package.zsh'
[1.010s] Level 1:colcon.colcon_core.environment:create_file_with_runtime_dependencies(/home/duyanh/Documents/2_ros2_prj/pendulum_ws/install/description_robot/share/colcon-core/packages/description_robot)
[1.010s] Level 1:colcon.colcon_core.environment:create_environment_scripts_only(description_robot)
[1.010s] Level 1:colcon.colcon_core.environment:checking '/home/duyanh/Documents/2_ros2_prj/pendulum_ws/install/description_robot' for CMake module files
[1.011s] Level 1:colcon.colcon_core.environment:checking '/home/duyanh/Documents/2_ros2_prj/pendulum_ws/install/description_robot' for CMake config files
[1.011s] Level 1:colcon.colcon_core.shell:create_environment_hook('description_robot', 'cmake_prefix_path')
[1.011s] INFO:colcon.colcon_core.shell:Creating environment hook '/home/duyanh/Documents/2_ros2_prj/pendulum_ws/install/description_robot/share/description_robot/hook/cmake_prefix_path.ps1'
[1.012s] INFO:colcon.colcon_core.shell:Creating environment descriptor '/home/duyanh/Documents/2_ros2_prj/pendulum_ws/install/description_robot/share/description_robot/hook/cmake_prefix_path.dsv'
[1.012s] INFO:colcon.colcon_core.shell:Creating environment hook '/home/duyanh/Documents/2_ros2_prj/pendulum_ws/install/description_robot/share/description_robot/hook/cmake_prefix_path.sh'
[1.012s] Level 1:colcon.colcon_core.environment:checking '/home/duyanh/Documents/2_ros2_prj/pendulum_ws/install/description_robot/bin'
[1.012s] Level 1:colcon.colcon_core.environment:checking '/home/duyanh/Documents/2_ros2_prj/pendulum_ws/install/description_robot/lib/pkgconfig/description_robot.pc'
[1.012s] Level 1:colcon.colcon_core.environment:checking '/home/duyanh/Documents/2_ros2_prj/pendulum_ws/install/description_robot/lib/python3.12/site-packages'
[1.013s] Level 1:colcon.colcon_core.environment:checking '/home/duyanh/Documents/2_ros2_prj/pendulum_ws/install/description_robot/bin'
[1.013s] INFO:colcon.colcon_core.shell:Creating package script '/home/duyanh/Documents/2_ros2_prj/pendulum_ws/install/description_robot/share/description_robot/package.ps1'
[1.013s] INFO:colcon.colcon_core.shell:Creating package descriptor '/home/duyanh/Documents/2_ros2_prj/pendulum_ws/install/description_robot/share/description_robot/package.dsv'
[1.014s] INFO:colcon.colcon_core.shell:Creating package script '/home/duyanh/Documents/2_ros2_prj/pendulum_ws/install/description_robot/share/description_robot/package.sh'
[1.014s] INFO:colcon.colcon_core.shell:Creating package script '/home/duyanh/Documents/2_ros2_prj/pendulum_ws/install/description_robot/share/description_robot/package.bash'
[1.014s] INFO:colcon.colcon_core.shell:Creating package script '/home/duyanh/Documents/2_ros2_prj/pendulum_ws/install/description_robot/share/description_robot/package.zsh'
[1.014s] Level 1:colcon.colcon_core.environment:create_file_with_runtime_dependencies(/home/duyanh/Documents/2_ros2_prj/pendulum_ws/install/description_robot/share/colcon-core/packages/description_robot)
[1.014s] DEBUG:colcon.colcon_parallel_executor.executor.parallel:closing loop
[1.015s] DEBUG:colcon.colcon_parallel_executor.executor.parallel:loop closed
[1.015s] DEBUG:colcon.colcon_parallel_executor.executor.parallel:run_until_complete finished with '0'
[1.015s] DEBUG:colcon.colcon_core.event_reactor:joining thread
[1.021s] INFO:colcon.colcon_core.plugin_system:Skipping extension 'colcon_notification.desktop_notification.terminal_notifier': Not used on non-Darwin systems
[1.021s] INFO:colcon.colcon_core.plugin_system:Skipping extension 'colcon_notification.desktop_notification.win32': Not used on non-Windows systems
[1.021s] INFO:colcon.colcon_notification.desktop_notification:Sending desktop notification using 'notify2'
[1.034s] DEBUG:colcon.colcon_core.event_reactor:joined thread
[1.034s] INFO:colcon.colcon_core.shell:Creating prefix script '/home/duyanh/Documents/2_ros2_prj/pendulum_ws/install/local_setup.ps1'
[1.035s] INFO:colcon.colcon_core.shell:Creating prefix util module '/home/duyanh/Documents/2_ros2_prj/pendulum_ws/install/_local_setup_util_ps1.py'
[1.036s] INFO:colcon.colcon_core.shell:Creating prefix chain script '/home/duyanh/Documents/2_ros2_prj/pendulum_ws/install/setup.ps1'
[1.037s] INFO:colcon.colcon_core.shell:Creating prefix script '/home/duyanh/Documents/2_ros2_prj/pendulum_ws/install/local_setup.sh'
[1.037s] INFO:colcon.colcon_core.shell:Creating prefix util module '/home/duyanh/Documents/2_ros2_prj/pendulum_ws/install/_local_setup_util_sh.py'
[1.038s] INFO:colcon.colcon_core.shell:Creating prefix chain script '/home/duyanh/Documents/2_ros2_prj/pendulum_ws/install/setup.sh'
[1.039s] INFO:colcon.colcon_core.shell:Creating prefix script '/home/duyanh/Documents/2_ros2_prj/pendulum_ws/install/local_setup.bash'
[1.039s] INFO:colcon.colcon_core.shell:Creating prefix chain script '/home/duyanh/Documents/2_ros2_prj/pendulum_ws/install/setup.bash'
[1.040s] INFO:colcon.colcon_core.shell:Creating prefix script '/home/duyanh/Documents/2_ros2_prj/pendulum_ws/install/local_setup.zsh'
[1.041s] INFO:colcon.colcon_core.shell:Creating prefix chain script '/home/duyanh/Documents/2_ros2_prj/pendulum_ws/install/setup.zsh'
