[0.118s] DEBUG:colcon:Command line arguments: ['/usr/bin/colcon', 'build', '--packages-select', 'pendulum_stabilizer_control']
[0.118s] DEBUG:colcon:Parsed command line arguments: Namespace(log_base=None, log_level=None, verb_name='build', build_base='build', install_base='install', merge_install=False, symlink_install=False, test_result_base=None, continue_on_error=False, executor='parallel', parallel_workers=12, event_handlers=None, ignore_user_meta=False, metas=['./colcon.meta'], base_paths=['.'], packages_ignore=None, packages_ignore_regex=None, paths=None, packages_up_to=None, packages_up_to_regex=None, packages_above=None, packages_above_and_dependencies=None, packages_above_depth=None, packages_select_by_dep=None, packages_skip_by_dep=None, packages_skip_up_to=None, packages_select_build_failed=False, packages_skip_build_finished=False, packages_select_test_failures=False, packages_skip_test_passed=False, packages_select=['pendulum_stabilizer_control'], packages_skip=None, packages_select_regex=None, packages_skip_regex=None, packages_start=None, packages_end=None, allow_overriding=[], cmake_args=None, cmake_target=None, cmake_target_skip_unavailable=False, cmake_clean_cache=False, cmake_clean_first=False, cmake_force_configure=False, ament_cmake_args=None, catkin_cmake_args=None, catkin_skip_building_tests=False, mixin_files=None, mixin=None, verb_parser=<colcon_mixin.mixin.mixin_argument.MixinArgumentDecorator object at 0x7f15af446960>, verb_extension=<colcon_core.verb.build.BuildVerb object at 0x7f15af422930>, main=<bound method BuildVerb.main of <colcon_core.verb.build.BuildVerb object at 0x7f15af422930>>, mixin_verb=('build',))
[0.189s] Level 1:colcon.colcon_core.package_discovery:discover_packages(colcon_meta) check parameters
[0.189s] Level 1:colcon.colcon_core.package_discovery:discover_packages(recursive) check parameters
[0.189s] Level 1:colcon.colcon_core.package_discovery:discover_packages(ignore) check parameters
[0.189s] Level 1:colcon.colcon_core.package_discovery:discover_packages(path) check parameters
[0.189s] Level 1:colcon.colcon_core.package_discovery:discover_packages(colcon_meta) discover
[0.189s] Level 1:colcon.colcon_core.package_discovery:discover_packages(recursive) discover
[0.189s] INFO:colcon.colcon_core.package_discovery:Crawling recursively for packages in '/home/duyanh/Documents/2_ros2_prj/pendulum_ws'
[0.189s] Level 1:colcon.colcon_core.package_identification:_identify(.) by extensions ['ignore', 'ignore_ament_install']
[0.189s] Level 1:colcon.colcon_core.package_identification:_identify(.) by extension 'ignore'
[0.189s] Level 1:colcon.colcon_core.package_identification:_identify(.) by extension 'ignore_ament_install'
[0.190s] Level 1:colcon.colcon_core.package_identification:_identify(.) by extensions ['colcon_pkg']
[0.190s] Level 1:colcon.colcon_core.package_identification:_identify(.) by extension 'colcon_pkg'
[0.190s] Level 1:colcon.colcon_core.package_identification:_identify(.) by extensions ['colcon_meta']
[0.190s] Level 1:colcon.colcon_core.package_identification:_identify(.) by extension 'colcon_meta'
[0.190s] Level 1:colcon.colcon_core.package_identification:_identify(.) by extensions ['ros']
[0.190s] Level 1:colcon.colcon_core.package_identification:_identify(.) by extension 'ros'
[0.215s] Level 1:colcon.colcon_core.package_identification:_identify(.) by extensions ['cmake', 'python']
[0.215s] Level 1:colcon.colcon_core.package_identification:_identify(.) by extension 'cmake'
[0.215s] Level 1:colcon.colcon_core.package_identification:_identify(.) by extension 'python'
[0.215s] Level 1:colcon.colcon_core.package_identification:_identify(.) by extensions ['python_setup_py']
[0.215s] Level 1:colcon.colcon_core.package_identification:_identify(.) by extension 'python_setup_py'
[0.216s] Level 1:colcon.colcon_core.package_identification:_identify(build) by extensions ['ignore', 'ignore_ament_install']
[0.216s] Level 1:colcon.colcon_core.package_identification:_identify(build) by extension 'ignore'
[0.216s] Level 1:colcon.colcon_core.package_identification:_identify(build) ignored
[0.216s] Level 1:colcon.colcon_core.package_identification:_identify(install) by extensions ['ignore', 'ignore_ament_install']
[0.216s] Level 1:colcon.colcon_core.package_identification:_identify(install) by extension 'ignore'
[0.216s] Level 1:colcon.colcon_core.package_identification:_identify(install) ignored
[0.216s] Level 1:colcon.colcon_core.package_identification:_identify(log) by extensions ['ignore', 'ignore_ament_install']
[0.216s] Level 1:colcon.colcon_core.package_identification:_identify(log) by extension 'ignore'
[0.216s] Level 1:colcon.colcon_core.package_identification:_identify(log) ignored
[0.216s] Level 1:colcon.colcon_core.package_identification:_identify(src) by extensions ['ignore', 'ignore_ament_install']
[0.216s] Level 1:colcon.colcon_core.package_identification:_identify(src) by extension 'ignore'
[0.216s] Level 1:colcon.colcon_core.package_identification:_identify(src) by extension 'ignore_ament_install'
[0.216s] Level 1:colcon.colcon_core.package_identification:_identify(src) by extensions ['colcon_pkg']
[0.216s] Level 1:colcon.colcon_core.package_identification:_identify(src) by extension 'colcon_pkg'
[0.217s] Level 1:colcon.colcon_core.package_identification:_identify(src) by extensions ['colcon_meta']
[0.217s] Level 1:colcon.colcon_core.package_identification:_identify(src) by extension 'colcon_meta'
[0.217s] Level 1:colcon.colcon_core.package_identification:_identify(src) by extensions ['ros']
[0.217s] Level 1:colcon.colcon_core.package_identification:_identify(src) by extension 'ros'
[0.217s] Level 1:colcon.colcon_core.package_identification:_identify(src) by extensions ['cmake', 'python']
[0.217s] Level 1:colcon.colcon_core.package_identification:_identify(src) by extension 'cmake'
[0.217s] Level 1:colcon.colcon_core.package_identification:_identify(src) by extension 'python'
[0.217s] Level 1:colcon.colcon_core.package_identification:_identify(src) by extensions ['python_setup_py']
[0.217s] Level 1:colcon.colcon_core.package_identification:_identify(src) by extension 'python_setup_py'
[0.217s] Level 1:colcon.colcon_core.package_identification:_identify(src/description_robot) by extensions ['ignore', 'ignore_ament_install']
[0.217s] Level 1:colcon.colcon_core.package_identification:_identify(src/description_robot) by extension 'ignore'
[0.217s] Level 1:colcon.colcon_core.package_identification:_identify(src/description_robot) by extension 'ignore_ament_install'
[0.217s] Level 1:colcon.colcon_core.package_identification:_identify(src/description_robot) by extensions ['colcon_pkg']
[0.217s] Level 1:colcon.colcon_core.package_identification:_identify(src/description_robot) by extension 'colcon_pkg'
[0.217s] Level 1:colcon.colcon_core.package_identification:_identify(src/description_robot) by extensions ['colcon_meta']
[0.217s] Level 1:colcon.colcon_core.package_identification:_identify(src/description_robot) by extension 'colcon_meta'
[0.217s] Level 1:colcon.colcon_core.package_identification:_identify(src/description_robot) by extensions ['ros']
[0.217s] Level 1:colcon.colcon_core.package_identification:_identify(src/description_robot) by extension 'ros'
[0.219s] DEBUG:colcon.colcon_core.package_identification:Package 'src/description_robot' with type 'ros.ament_cmake' and name 'description_robot'
[0.219s] Level 1:colcon.colcon_core.package_identification:_identify(src/pendulum_stabilizer_control) by extensions ['ignore', 'ignore_ament_install']
[0.219s] Level 1:colcon.colcon_core.package_identification:_identify(src/pendulum_stabilizer_control) by extension 'ignore'
[0.219s] Level 1:colcon.colcon_core.package_identification:_identify(src/pendulum_stabilizer_control) by extension 'ignore_ament_install'
[0.219s] Level 1:colcon.colcon_core.package_identification:_identify(src/pendulum_stabilizer_control) by extensions ['colcon_pkg']
[0.219s] Level 1:colcon.colcon_core.package_identification:_identify(src/pendulum_stabilizer_control) by extension 'colcon_pkg'
[0.219s] Level 1:colcon.colcon_core.package_identification:_identify(src/pendulum_stabilizer_control) by extensions ['colcon_meta']
[0.219s] Level 1:colcon.colcon_core.package_identification:_identify(src/pendulum_stabilizer_control) by extension 'colcon_meta'
[0.219s] Level 1:colcon.colcon_core.package_identification:_identify(src/pendulum_stabilizer_control) by extensions ['ros']
[0.219s] Level 1:colcon.colcon_core.package_identification:_identify(src/pendulum_stabilizer_control) by extension 'ros'
[0.220s] DEBUG:colcon.colcon_core.package_identification:Package 'src/pendulum_stabilizer_control' with type 'ros.ament_python' and name 'pendulum_stabilizer_control'
[0.220s] Level 1:colcon.colcon_core.package_discovery:discover_packages(recursive) using defaults
[0.220s] Level 1:colcon.colcon_core.package_discovery:discover_packages(ignore) discover
[0.220s] Level 1:colcon.colcon_core.package_discovery:discover_packages(ignore) using defaults
[0.220s] Level 1:colcon.colcon_core.package_discovery:discover_packages(path) discover
[0.220s] Level 1:colcon.colcon_core.package_discovery:discover_packages(path) using defaults
[0.239s] INFO:colcon.colcon_core.package_selection:Skipping not selected package 'description_robot' in 'src/description_robot'
[0.239s] Level 1:colcon.colcon_core.package_discovery:discover_packages(prefix_path) check parameters
[0.240s] Level 1:colcon.colcon_core.package_discovery:discover_packages(prefix_path) discover
[0.243s] DEBUG:colcon.colcon_installed_package_information.package_discovery:Found 353 installed packages in /opt/ros/jazzy
[0.245s] Level 1:colcon.colcon_core.package_discovery:discover_packages(prefix_path) using defaults
[0.282s] Level 5:colcon.colcon_core.verb:set package 'pendulum_stabilizer_control' build argument 'cmake_args' from command line to 'None'
[0.282s] Level 5:colcon.colcon_core.verb:set package 'pendulum_stabilizer_control' build argument 'cmake_target' from command line to 'None'
[0.282s] Level 5:colcon.colcon_core.verb:set package 'pendulum_stabilizer_control' build argument 'cmake_target_skip_unavailable' from command line to 'False'
[0.282s] Level 5:colcon.colcon_core.verb:set package 'pendulum_stabilizer_control' build argument 'cmake_clean_cache' from command line to 'False'
[0.282s] Level 5:colcon.colcon_core.verb:set package 'pendulum_stabilizer_control' build argument 'cmake_clean_first' from command line to 'False'
[0.282s] Level 5:colcon.colcon_core.verb:set package 'pendulum_stabilizer_control' build argument 'cmake_force_configure' from command line to 'False'
[0.282s] Level 5:colcon.colcon_core.verb:set package 'pendulum_stabilizer_control' build argument 'ament_cmake_args' from command line to 'None'
[0.282s] Level 5:colcon.colcon_core.verb:set package 'pendulum_stabilizer_control' build argument 'catkin_cmake_args' from command line to 'None'
[0.282s] Level 5:colcon.colcon_core.verb:set package 'pendulum_stabilizer_control' build argument 'catkin_skip_building_tests' from command line to 'False'
[0.282s] DEBUG:colcon.colcon_core.verb:Building package 'pendulum_stabilizer_control' with the following arguments: {'ament_cmake_args': None, 'build_base': '/home/duyanh/Documents/2_ros2_prj/pendulum_ws/build/pendulum_stabilizer_control', 'catkin_cmake_args': None, 'catkin_skip_building_tests': False, 'cmake_args': None, 'cmake_clean_cache': False, 'cmake_clean_first': False, 'cmake_force_configure': False, 'cmake_target': None, 'cmake_target_skip_unavailable': False, 'install_base': '/home/duyanh/Documents/2_ros2_prj/pendulum_ws/install/pendulum_stabilizer_control', 'merge_install': False, 'path': '/home/duyanh/Documents/2_ros2_prj/pendulum_ws/src/pendulum_stabilizer_control', 'symlink_install': False, 'test_result_base': None}
[0.282s] INFO:colcon.colcon_core.executor:Executing jobs using 'parallel' executor
[0.283s] DEBUG:colcon.colcon_parallel_executor.executor.parallel:run_until_complete
[0.283s] INFO:colcon.colcon_ros.task.ament_python.build:Building ROS package in '/home/duyanh/Documents/2_ros2_prj/pendulum_ws/src/pendulum_stabilizer_control' with build type 'ament_python'
[0.283s] Level 1:colcon.colcon_core.shell:create_environment_hook('pendulum_stabilizer_control', 'ament_prefix_path')
[0.285s] INFO:colcon.colcon_core.plugin_system:Skipping extension 'colcon_core.shell.bat': Not used on non-Windows systems
[0.285s] INFO:colcon.colcon_core.shell:Creating environment hook '/home/duyanh/Documents/2_ros2_prj/pendulum_ws/install/pendulum_stabilizer_control/share/pendulum_stabilizer_control/hook/ament_prefix_path.ps1'
[0.285s] INFO:colcon.colcon_core.shell:Creating environment descriptor '/home/duyanh/Documents/2_ros2_prj/pendulum_ws/install/pendulum_stabilizer_control/share/pendulum_stabilizer_control/hook/ament_prefix_path.dsv'
[0.286s] INFO:colcon.colcon_core.shell:Creating environment hook '/home/duyanh/Documents/2_ros2_prj/pendulum_ws/install/pendulum_stabilizer_control/share/pendulum_stabilizer_control/hook/ament_prefix_path.sh'
[0.286s] INFO:colcon.colcon_core.shell:Skip shell extension 'powershell' for command environment: Not usable outside of PowerShell
[0.287s] DEBUG:colcon.colcon_core.shell:Skip shell extension 'dsv' for command environment
[0.524s] INFO:colcon.colcon_core.task.python.build:Building Python package in '/home/duyanh/Documents/2_ros2_prj/pendulum_ws/src/pendulum_stabilizer_control'
[0.524s] INFO:colcon.colcon_core.shell:Skip shell extension 'powershell' for command environment: Not usable outside of PowerShell
[0.524s] DEBUG:colcon.colcon_core.shell:Skip shell extension 'dsv' for command environment
[1.206s] DEBUG:colcon.colcon_core.task.python.build:Available setuptools commands: update_catalog, bdist_rpm, check, upload, build_py, build_ext, build_clib, extract_messages, build, bdist_egg, clean, test, egg_info, rotate, bdist_dumb, build_scripts, editable_wheel, register, install_egg_info, install_headers, easy_install, symlink_data, install_data, setopt, alias, bdist, install_lib, saveopts, compile_catalog, develop, sdist, upload_docs, init_catalog, install, dist_info, install_scripts
[1.211s] DEBUG:colcon.colcon_core.event_handler.log_command:Invoking command in '/home/duyanh/Documents/2_ros2_prj/pendulum_ws/src/pendulum_stabilizer_control': DEBUGINFOD_URLS=https://debuginfod.ubuntu.com PYTHONPATH=/home/duyanh/Documents/2_ros2_prj/pendulum_ws/build/pendulum_stabilizer_control/prefix_override:/usr/lib/python3/dist-packages/colcon_core/task/python/colcon_distutils_commands:/home/duyanh/Documents/2_ros2_prj/pendulum_ws/install/pendulum_stabilizer_control/lib/python3.12/site-packages:${PYTHONPATH} /usr/bin/python3 -W ignore:setup.py install is deprecated -W ignore:easy_install command is deprecated setup.py egg_info --egg-base ../../build/pendulum_stabilizer_control build --build-base /home/duyanh/Documents/2_ros2_prj/pendulum_ws/build/pendulum_stabilizer_control/build install --record /home/duyanh/Documents/2_ros2_prj/pendulum_ws/build/pendulum_stabilizer_control/install.log --install-scripts $base/lib/pendulum_stabilizer_control --single-version-externally-managed install_data
[1.608s] DEBUG:colcon.colcon_core.event_handler.log_command:Invoked command in '/home/duyanh/Documents/2_ros2_prj/pendulum_ws/src/pendulum_stabilizer_control' returned '1': DEBUGINFOD_URLS=https://debuginfod.ubuntu.com PYTHONPATH=/home/duyanh/Documents/2_ros2_prj/pendulum_ws/build/pendulum_stabilizer_control/prefix_override:/usr/lib/python3/dist-packages/colcon_core/task/python/colcon_distutils_commands:/home/duyanh/Documents/2_ros2_prj/pendulum_ws/install/pendulum_stabilizer_control/lib/python3.12/site-packages:${PYTHONPATH} /usr/bin/python3 -W ignore:setup.py install is deprecated -W ignore:easy_install command is deprecated setup.py egg_info --egg-base ../../build/pendulum_stabilizer_control build --build-base /home/duyanh/Documents/2_ros2_prj/pendulum_ws/build/pendulum_stabilizer_control/build install --record /home/duyanh/Documents/2_ros2_prj/pendulum_ws/build/pendulum_stabilizer_control/install.log --install-scripts $base/lib/pendulum_stabilizer_control --single-version-externally-managed install_data
[1.618s] DEBUG:colcon.colcon_parallel_executor.executor.parallel:closing loop
[1.619s] DEBUG:colcon.colcon_parallel_executor.executor.parallel:loop closed
[1.619s] DEBUG:colcon.colcon_parallel_executor.executor.parallel:run_until_complete finished with '1'
[1.620s] DEBUG:colcon.colcon_core.event_reactor:joining thread
[1.640s] INFO:colcon.colcon_core.plugin_system:Skipping extension 'colcon_notification.desktop_notification.terminal_notifier': Not used on non-Darwin systems
[1.641s] INFO:colcon.colcon_core.plugin_system:Skipping extension 'colcon_notification.desktop_notification.win32': Not used on non-Windows systems
[1.641s] INFO:colcon.colcon_notification.desktop_notification:Sending desktop notification using 'notify2'
[1.678s] DEBUG:colcon.colcon_core.event_reactor:joined thread
[1.678s] INFO:colcon.colcon_core.shell:Creating prefix script '/home/duyanh/Documents/2_ros2_prj/pendulum_ws/install/local_setup.ps1'
[1.680s] INFO:colcon.colcon_core.shell:Creating prefix util module '/home/duyanh/Documents/2_ros2_prj/pendulum_ws/install/_local_setup_util_ps1.py'
[1.683s] INFO:colcon.colcon_core.shell:Creating prefix chain script '/home/duyanh/Documents/2_ros2_prj/pendulum_ws/install/setup.ps1'
[1.688s] INFO:colcon.colcon_core.shell:Creating prefix script '/home/duyanh/Documents/2_ros2_prj/pendulum_ws/install/local_setup.sh'
[1.690s] INFO:colcon.colcon_core.shell:Creating prefix util module '/home/duyanh/Documents/2_ros2_prj/pendulum_ws/install/_local_setup_util_sh.py'
[1.693s] INFO:colcon.colcon_core.shell:Creating prefix chain script '/home/duyanh/Documents/2_ros2_prj/pendulum_ws/install/setup.sh'
[1.697s] INFO:colcon.colcon_core.shell:Creating prefix script '/home/duyanh/Documents/2_ros2_prj/pendulum_ws/install/local_setup.bash'
[1.700s] INFO:colcon.colcon_core.shell:Creating prefix chain script '/home/duyanh/Documents/2_ros2_prj/pendulum_ws/install/setup.bash'
[1.704s] INFO:colcon.colcon_core.shell:Creating prefix script '/home/duyanh/Documents/2_ros2_prj/pendulum_ws/install/local_setup.zsh'
[1.707s] INFO:colcon.colcon_core.shell:Creating prefix chain script '/home/duyanh/Documents/2_ros2_prj/pendulum_ws/install/setup.zsh'
