running egg_info
creating ../../build/pendulum_control/pendulum_control.egg-info
writing ../../build/pendulum_control/pendulum_control.egg-info/PKG-INFO
writing dependency_links to ../../build/pendulum_control/pendulum_control.egg-info/dependency_links.txt
writing entry points to ../../build/pendulum_control/pendulum_control.egg-info/entry_points.txt
writing requirements to ../../build/pendulum_control/pendulum_control.egg-info/requires.txt
writing top-level names to ../../build/pendulum_control/pendulum_control.egg-info/top_level.txt
writing manifest file '../../build/pendulum_control/pendulum_control.egg-info/SOURCES.txt'
reading manifest file '../../build/pendulum_control/pendulum_control.egg-info/SOURCES.txt'
writing manifest file '../../build/pendulum_control/pendulum_control.egg-info/SOURCES.txt'
running build
running build_py
creating /home/duyanh/Documents/2_ros2_prj/pendulum_ws/build/pendulum_control/build
creating /home/duyanh/Documents/2_ros2_prj/pendulum_ws/build/pendulum_control/build/lib
creating /home/duyanh/Documents/2_ros2_prj/pendulum_ws/build/pendulum_control/build/lib/pendulum_control
copying pendulum_control/controller_code.py -> /home/duyanh/Documents/2_ros2_prj/pendulum_ws/build/pendulum_control/build/lib/pendulum_control
copying pendulum_control/__init__.py -> /home/duyanh/Documents/2_ros2_prj/pendulum_ws/build/pendulum_control/build/lib/pendulum_control
running install
running install_lib
creating /home/duyanh/Documents/2_ros2_prj/pendulum_ws/install/pendulum_control/lib/python3.12/site-packages/pendulum_control
copying /home/duyanh/Documents/2_ros2_prj/pendulum_ws/build/pendulum_control/build/lib/pendulum_control/controller_code.py -> /home/duyanh/Documents/2_ros2_prj/pendulum_ws/install/pendulum_control/lib/python3.12/site-packages/pendulum_control
copying /home/duyanh/Documents/2_ros2_prj/pendulum_ws/build/pendulum_control/build/lib/pendulum_control/__init__.py -> /home/duyanh/Documents/2_ros2_prj/pendulum_ws/install/pendulum_control/lib/python3.12/site-packages/pendulum_control
byte-compiling /home/duyanh/Documents/2_ros2_prj/pendulum_ws/install/pendulum_control/lib/python3.12/site-packages/pendulum_control/controller_code.py to controller_code.cpython-312.pyc
byte-compiling /home/duyanh/Documents/2_ros2_prj/pendulum_ws/install/pendulum_control/lib/python3.12/site-packages/pendulum_control/__init__.py to __init__.cpython-312.pyc
running install_data
creating /home/duyanh/Documents/2_ros2_prj/pendulum_ws/install/pendulum_control/share/ament_index
creating /home/duyanh/Documents/2_ros2_prj/pendulum_ws/install/pendulum_control/share/ament_index/resource_index
creating /home/duyanh/Documents/2_ros2_prj/pendulum_ws/install/pendulum_control/share/ament_index/resource_index/packages
copying resource/pendulum_control -> /home/duyanh/Documents/2_ros2_prj/pendulum_ws/install/pendulum_control/share/ament_index/resource_index/packages
copying package.xml -> /home/duyanh/Documents/2_ros2_prj/pendulum_ws/install/pendulum_control/share/pendulum_control
running install_egg_info
Copying ../../build/pendulum_control/pendulum_control.egg-info to /home/duyanh/Documents/2_ros2_prj/pendulum_ws/install/pendulum_control/lib/python3.12/site-packages/pendulum_control-0.0.0-py3.12.egg-info
running install_scripts
Installing controller_node script to /home/duyanh/Documents/2_ros2_prj/pendulum_ws/install/pendulum_control/lib/pendulum_control
writing list of installed files to '/home/duyanh/Documents/2_ros2_prj/pendulum_ws/build/pendulum_control/install.log'
