[1.522s] Invoking command in '/home/duyanh/Documents/2_ros2_prj/pendulum_ws/src/pendulum_control': DEBUGINFOD_URLS=https://debuginfod.ubuntu.com PYTHONPATH=/home/duyanh/Documents/2_ros2_prj/pendulum_ws/build/pendulum_control/prefix_override:/usr/lib/python3/dist-packages/colcon_core/task/python/colcon_distutils_commands:/home/duyanh/Documents/2_ros2_prj/pendulum_ws/install/pendulum_control/lib/python3.12/site-packages:${PYTHONPATH} /usr/bin/python3 -W ignore:setup.py install is deprecated -W ignore:easy_install command is deprecated setup.py egg_info --egg-base ../../build/pendulum_control build --build-base /home/duyanh/Documents/2_ros2_prj/pendulum_ws/build/pendulum_control/build install --record /home/duyanh/Documents/2_ros2_prj/pendulum_ws/build/pendulum_control/install.log --install-scripts $base/lib/pendulum_control --single-version-externally-managed install_data
[1.805s] running egg_info
[1.806s] creating ../../build/pendulum_control/pendulum_control.egg-info
[1.836s] writing ../../build/pendulum_control/pendulum_control.egg-info/PKG-INFO
[1.836s] writing dependency_links to ../../build/pendulum_control/pendulum_control.egg-info/dependency_links.txt
[1.836s] writing entry points to ../../build/pendulum_control/pendulum_control.egg-info/entry_points.txt
[1.836s] writing requirements to ../../build/pendulum_control/pendulum_control.egg-info/requires.txt
[1.836s] writing top-level names to ../../build/pendulum_control/pendulum_control.egg-info/top_level.txt
[1.836s] writing manifest file '../../build/pendulum_control/pendulum_control.egg-info/SOURCES.txt'
[1.889s] reading manifest file '../../build/pendulum_control/pendulum_control.egg-info/SOURCES.txt'
[1.889s] writing manifest file '../../build/pendulum_control/pendulum_control.egg-info/SOURCES.txt'
[1.889s] running build
[1.890s] running build_py
[1.890s] creating /home/duyanh/Documents/2_ros2_prj/pendulum_ws/build/pendulum_control/build
[1.890s] creating /home/duyanh/Documents/2_ros2_prj/pendulum_ws/build/pendulum_control/build/lib
[1.890s] creating /home/duyanh/Documents/2_ros2_prj/pendulum_ws/build/pendulum_control/build/lib/pendulum_control
[1.890s] copying pendulum_control/controller_code.py -> /home/duyanh/Documents/2_ros2_prj/pendulum_ws/build/pendulum_control/build/lib/pendulum_control
[1.890s] copying pendulum_control/__init__.py -> /home/duyanh/Documents/2_ros2_prj/pendulum_ws/build/pendulum_control/build/lib/pendulum_control
[1.890s] running install
[1.897s] running install_lib
[1.915s] creating /home/duyanh/Documents/2_ros2_prj/pendulum_ws/install/pendulum_control/lib/python3.12/site-packages/pendulum_control
[1.916s] copying /home/duyanh/Documents/2_ros2_prj/pendulum_ws/build/pendulum_control/build/lib/pendulum_control/controller_code.py -> /home/duyanh/Documents/2_ros2_prj/pendulum_ws/install/pendulum_control/lib/python3.12/site-packages/pendulum_control
[1.916s] copying /home/duyanh/Documents/2_ros2_prj/pendulum_ws/build/pendulum_control/build/lib/pendulum_control/__init__.py -> /home/duyanh/Documents/2_ros2_prj/pendulum_ws/install/pendulum_control/lib/python3.12/site-packages/pendulum_control
[1.916s] byte-compiling /home/duyanh/Documents/2_ros2_prj/pendulum_ws/install/pendulum_control/lib/python3.12/site-packages/pendulum_control/controller_code.py to controller_code.cpython-312.pyc
[1.916s] byte-compiling /home/duyanh/Documents/2_ros2_prj/pendulum_ws/install/pendulum_control/lib/python3.12/site-packages/pendulum_control/__init__.py to __init__.cpython-312.pyc
[1.916s] running install_data
[1.916s] creating /home/duyanh/Documents/2_ros2_prj/pendulum_ws/install/pendulum_control/share/ament_index
[1.916s] creating /home/duyanh/Documents/2_ros2_prj/pendulum_ws/install/pendulum_control/share/ament_index/resource_index
[1.917s] creating /home/duyanh/Documents/2_ros2_prj/pendulum_ws/install/pendulum_control/share/ament_index/resource_index/packages
[1.917s] copying resource/pendulum_control -> /home/duyanh/Documents/2_ros2_prj/pendulum_ws/install/pendulum_control/share/ament_index/resource_index/packages
[1.917s] copying package.xml -> /home/duyanh/Documents/2_ros2_prj/pendulum_ws/install/pendulum_control/share/pendulum_control
[1.917s] running install_egg_info
[1.937s] Copying ../../build/pendulum_control/pendulum_control.egg-info to /home/duyanh/Documents/2_ros2_prj/pendulum_ws/install/pendulum_control/lib/python3.12/site-packages/pendulum_control-0.0.0-py3.12.egg-info
[1.938s] running install_scripts
[2.079s] Installing controller_node script to /home/duyanh/Documents/2_ros2_prj/pendulum_ws/install/pendulum_control/lib/pendulum_control
[2.080s] writing list of installed files to '/home/duyanh/Documents/2_ros2_prj/pendulum_ws/build/pendulum_control/install.log'
[2.149s] Invoked command in '/home/duyanh/Documents/2_ros2_prj/pendulum_ws/src/pendulum_control' returned '0': DEBUGINFOD_URLS=https://debuginfod.ubuntu.com PYTHONPATH=/home/duyanh/Documents/2_ros2_prj/pendulum_ws/build/pendulum_control/prefix_override:/usr/lib/python3/dist-packages/colcon_core/task/python/colcon_distutils_commands:/home/duyanh/Documents/2_ros2_prj/pendulum_ws/install/pendulum_control/lib/python3.12/site-packages:${PYTHONPATH} /usr/bin/python3 -W ignore:setup.py install is deprecated -W ignore:easy_install command is deprecated setup.py egg_info --egg-base ../../build/pendulum_control build --build-base /home/duyanh/Documents/2_ros2_prj/pendulum_ws/build/pendulum_control/build install --record /home/duyanh/Documents/2_ros2_prj/pendulum_ws/build/pendulum_control/install.log --install-scripts $base/lib/pendulum_control --single-version-externally-managed install_data
