[0.011s] Invoking command in '/home/duyanh/Documents/2_ros2_prj/pendulum_ws/build/description_robot': CMAKE_PREFIX_PATH=${CMAKE_PREFIX_PATH}:/opt/ros/jazzy DEBUGINFOD_URLS=https://debuginfod.ubuntu.com /usr/bin/cmake --build /home/duyanh/Documents/2_ros2_prj/pendulum_ws/build/description_robot -- -j12 -l12
[0.038s] Invoked command in '/home/duyanh/Documents/2_ros2_prj/pendulum_ws/build/description_robot' returned '0': CMAKE_PREFIX_PATH=${CMAKE_PREFIX_PATH}:/opt/ros/jazzy DEBUGINFOD_URLS=https://debuginfod.ubuntu.com /usr/bin/cmake --build /home/duyanh/Documents/2_ros2_prj/pendulum_ws/build/description_robot -- -j12 -l12
[0.047s] Invoking command in '/home/duyanh/Documents/2_ros2_prj/pendulum_ws/build/description_robot': CMAKE_PREFIX_PATH=${CMAKE_PREFIX_PATH}:/opt/ros/jazzy DEBUGINFOD_URLS=https://debuginfod.ubuntu.com /usr/bin/cmake --install /home/duyanh/Documents/2_ros2_prj/pendulum_ws/build/description_robot
[0.057s] -- Install configuration: ""
[0.057s] -- Execute custom install script
[0.058s] -- Up-to-date symlink: /home/duyanh/Documents/2_ros2_prj/pendulum_ws/install/description_robot/share/description_robot/launch/gazebo.launch.py
[0.058s] -- Up-to-date symlink: /home/duyanh/Documents/2_ros2_prj/pendulum_ws/install/description_robot/share/description_robot/urdf/description.urdf.xacro
[0.058s] -- Up-to-date symlink: /home/duyanh/Documents/2_ros2_prj/pendulum_ws/install/description_robot/share/ament_index/resource_index/package_run_dependencies/description_robot
[0.058s] -- Up-to-date symlink: /home/duyanh/Documents/2_ros2_prj/pendulum_ws/install/description_robot/share/ament_index/resource_index/parent_prefix_path/description_robot
[0.058s] -- Up-to-date symlink: /home/duyanh/Documents/2_ros2_prj/pendulum_ws/install/description_robot/share/description_robot/environment/ament_prefix_path.sh
[0.058s] -- Up-to-date symlink: /home/duyanh/Documents/2_ros2_prj/pendulum_ws/install/description_robot/share/description_robot/environment/ament_prefix_path.dsv
[0.059s] -- Up-to-date symlink: /home/duyanh/Documents/2_ros2_prj/pendulum_ws/install/description_robot/share/description_robot/environment/path.sh
[0.059s] -- Up-to-date symlink: /home/duyanh/Documents/2_ros2_prj/pendulum_ws/install/description_robot/share/description_robot/environment/path.dsv
[0.059s] -- Up-to-date symlink: /home/duyanh/Documents/2_ros2_prj/pendulum_ws/install/description_robot/share/description_robot/local_setup.bash
[0.059s] -- Up-to-date symlink: /home/duyanh/Documents/2_ros2_prj/pendulum_ws/install/description_robot/share/description_robot/local_setup.sh
[0.060s] -- Up-to-date symlink: /home/duyanh/Documents/2_ros2_prj/pendulum_ws/install/description_robot/share/description_robot/local_setup.zsh
[0.060s] -- Up-to-date symlink: /home/duyanh/Documents/2_ros2_prj/pendulum_ws/install/description_robot/share/description_robot/local_setup.dsv
[0.060s] -- Symlinking: /home/duyanh/Documents/2_ros2_prj/pendulum_ws/install/description_robot/share/description_robot/package.dsv
[0.068s] -- Up-to-date symlink: /home/duyanh/Documents/2_ros2_prj/pendulum_ws/install/description_robot/share/ament_index/resource_index/packages/description_robot
[0.068s] -- Up-to-date symlink: /home/duyanh/Documents/2_ros2_prj/pendulum_ws/install/description_robot/share/description_robot/cmake/description_robotConfig.cmake
[0.068s] -- Up-to-date symlink: /home/duyanh/Documents/2_ros2_prj/pendulum_ws/install/description_robot/share/description_robot/cmake/description_robotConfig-version.cmake
[0.069s] -- Up-to-date symlink: /home/duyanh/Documents/2_ros2_prj/pendulum_ws/install/description_robot/share/description_robot/package.xml
[0.070s] Invoked command in '/home/duyanh/Documents/2_ros2_prj/pendulum_ws/build/description_robot' returned '0': CMAKE_PREFIX_PATH=${CMAKE_PREFIX_PATH}:/opt/ros/jazzy DEBUGINFOD_URLS=https://debuginfod.ubuntu.com /usr/bin/cmake --install /home/duyanh/Documents/2_ros2_prj/pendulum_ws/build/description_robot
