[0.817s] Invoking command in '/home/duyanh/Documents/2_ros2_prj/pendulum_ws/src/pendulum_stabilizer_control': DEBUGINFOD_URLS=https://debuginfod.ubuntu.com PYTHONPATH=/home/duyanh/Documents/2_ros2_prj/pendulum_ws/build/pendulum_stabilizer_control/prefix_override:/usr/lib/python3/dist-packages/colcon_core/task/python/colcon_distutils_commands:/home/duyanh/Documents/2_ros2_prj/pendulum_ws/install/pendulum_stabilizer_control/lib/python3.12/site-packages:${PYTHONPATH} /usr/bin/python3 -W ignore:setup.py install is deprecated -W ignore:easy_install command is deprecated setup.py egg_info --egg-base ../../build/pendulum_stabilizer_control build --build-base /home/duyanh/Documents/2_ros2_prj/pendulum_ws/build/pendulum_stabilizer_control/build install --record /home/duyanh/Documents/2_ros2_prj/pendulum_ws/build/pendulum_stabilizer_control/install.log --install-scripts $base/lib/pendulum_stabilizer_control --single-version-externally-managed install_data
[1.237s] running egg_info
[1.260s] writing ../../build/pendulum_stabilizer_control/pendulum_stabilizer_control.egg-info/PKG-INFO
[1.260s] writing dependency_links to ../../build/pendulum_stabilizer_control/pendulum_stabilizer_control.egg-info/dependency_links.txt
[1.260s] writing entry points to ../../build/pendulum_stabilizer_control/pendulum_stabilizer_control.egg-info/entry_points.txt
[1.260s] writing requirements to ../../build/pendulum_stabilizer_control/pendulum_stabilizer_control.egg-info/requires.txt
[1.261s] writing top-level names to ../../build/pendulum_stabilizer_control/pendulum_stabilizer_control.egg-info/top_level.txt
[1.349s] reading manifest file '../../build/pendulum_stabilizer_control/pendulum_stabilizer_control.egg-info/SOURCES.txt'
[1.350s] writing manifest file '../../build/pendulum_stabilizer_control/pendulum_stabilizer_control.egg-info/SOURCES.txt'
[1.350s] running build
[1.350s] running build_py
[1.350s] running install
[1.370s] running install_lib
[1.402s] running install_data
[1.402s] running install_egg_info
[1.419s] removing '/home/duyanh/Documents/2_ros2_prj/pendulum_ws/install/pendulum_stabilizer_control/lib/python3.12/site-packages/pendulum_stabilizer_control-0.0.0-py3.12.egg-info' (and everything under it)
[1.419s] Copying ../../build/pendulum_stabilizer_control/pendulum_stabilizer_control.egg-info to /home/duyanh/Documents/2_ros2_prj/pendulum_ws/install/pendulum_stabilizer_control/lib/python3.12/site-packages/pendulum_stabilizer_control-0.0.0-py3.12.egg-info
[1.423s] running install_scripts
[1.553s] Installing pendulum_controller_node script to /home/duyanh/Documents/2_ros2_prj/pendulum_ws/install/pendulum_stabilizer_control/lib/pendulum_stabilizer_control
[1.554s] writing list of installed files to '/home/duyanh/Documents/2_ros2_prj/pendulum_ws/build/pendulum_stabilizer_control/install.log'
[1.623s] Invoked command in '/home/duyanh/Documents/2_ros2_prj/pendulum_ws/src/pendulum_stabilizer_control' returned '0': DEBUGINFOD_URLS=https://debuginfod.ubuntu.com PYTHONPATH=/home/duyanh/Documents/2_ros2_prj/pendulum_ws/build/pendulum_stabilizer_control/prefix_override:/usr/lib/python3/dist-packages/colcon_core/task/python/colcon_distutils_commands:/home/duyanh/Documents/2_ros2_prj/pendulum_ws/install/pendulum_stabilizer_control/lib/python3.12/site-packages:${PYTHONPATH} /usr/bin/python3 -W ignore:setup.py install is deprecated -W ignore:easy_install command is deprecated setup.py egg_info --egg-base ../../build/pendulum_stabilizer_control build --build-base /home/duyanh/Documents/2_ros2_prj/pendulum_ws/build/pendulum_stabilizer_control/build install --record /home/duyanh/Documents/2_ros2_prj/pendulum_ws/build/pendulum_stabilizer_control/install.log --install-scripts $base/lib/pendulum_stabilizer_control --single-version-externally-managed install_data
