[0.011s] Invoking command in '/home/duyanh/Documents/2_ros2_prj/pendulum_ws/build/description_robot': CMAKE_PREFIX_PATH=${CMAKE_PREFIX_PATH}:/opt/ros/jazzy DEBUGINFOD_URLS=https://debuginfod.ubuntu.com /usr/bin/cmake --build /home/duyanh/Documents/2_ros2_prj/pendulum_ws/build/description_robot -- -j12 -l12
[0.062s] Invoked command in '/home/duyanh/Documents/2_ros2_prj/pendulum_ws/build/description_robot' returned '0': CMAKE_PREFIX_PATH=${CMAKE_PREFIX_PATH}:/opt/ros/jazzy DEBUGINFOD_URLS=https://debuginfod.ubuntu.com /usr/bin/cmake --build /home/duyanh/Documents/2_ros2_prj/pendulum_ws/build/description_robot -- -j12 -l12
[0.079s] Invoking command in '/home/duyanh/Documents/2_ros2_prj/pendulum_ws/build/description_robot': CMAKE_PREFIX_PATH=${CMAKE_PREFIX_PATH}:/opt/ros/jazzy DEBUGINFOD_URLS=https://debuginfod.ubuntu.com /usr/bin/cmake --install /home/duyanh/Documents/2_ros2_prj/pendulum_ws/build/description_robot
[0.097s] -- Install configuration: ""
[0.098s] -- Execute custom install script
[0.098s] -- Up-to-date symlink: /home/duyanh/Documents/2_ros2_prj/pendulum_ws/install/description_robot/share/description_robot/launch/gazebo.launch.py
[0.098s] -- Up-to-date symlink: /home/duyanh/Documents/2_ros2_prj/pendulum_ws/install/description_robot/share/description_robot/urdf/description.urdf.xacro
[0.099s] -- Up-to-date symlink: /home/duyanh/Documents/2_ros2_prj/pendulum_ws/install/description_robot/share/description_robot/config/cart_controller.yaml
[0.099s] -- Up-to-date symlink: /home/duyanh/Documents/2_ros2_prj/pendulum_ws/install/description_robot/share/ament_index/resource_index/package_run_dependencies/description_robot
[0.099s] -- Up-to-date symlink: /home/duyanh/Documents/2_ros2_prj/pendulum_ws/install/description_robot/share/ament_index/resource_index/parent_prefix_path/description_robot
[0.100s] -- Up-to-date symlink: /home/duyanh/Documents/2_ros2_prj/pendulum_ws/install/description_robot/share/description_robot/environment/ament_prefix_path.sh
[0.101s] -- Up-to-date symlink: /home/duyanh/Documents/2_ros2_prj/pendulum_ws/install/description_robot/share/description_robot/environment/ament_prefix_path.dsv
[0.101s] -- Up-to-date symlink: /home/duyanh/Documents/2_ros2_prj/pendulum_ws/install/description_robot/share/description_robot/environment/path.sh
[0.102s] -- Up-to-date symlink: /home/duyanh/Documents/2_ros2_prj/pendulum_ws/install/description_robot/share/description_robot/environment/path.dsv
[0.102s] -- Up-to-date symlink: /home/duyanh/Documents/2_ros2_prj/pendulum_ws/install/description_robot/share/description_robot/local_setup.bash
[0.103s] -- Up-to-date symlink: /home/duyanh/Documents/2_ros2_prj/pendulum_ws/install/description_robot/share/description_robot/local_setup.sh
[0.103s] -- Up-to-date symlink: /home/duyanh/Documents/2_ros2_prj/pendulum_ws/install/description_robot/share/description_robot/local_setup.zsh
[0.103s] -- Up-to-date symlink: /home/duyanh/Documents/2_ros2_prj/pendulum_ws/install/description_robot/share/description_robot/local_setup.dsv
[0.104s] -- Symlinking: /home/duyanh/Documents/2_ros2_prj/pendulum_ws/install/description_robot/share/description_robot/package.dsv
[0.112s] -- Up-to-date symlink: /home/duyanh/Documents/2_ros2_prj/pendulum_ws/install/description_robot/share/ament_index/resource_index/packages/description_robot
[0.112s] -- Up-to-date symlink: /home/duyanh/Documents/2_ros2_prj/pendulum_ws/install/description_robot/share/description_robot/cmake/description_robotConfig.cmake
[0.113s] -- Up-to-date symlink: /home/duyanh/Documents/2_ros2_prj/pendulum_ws/install/description_robot/share/description_robot/cmake/description_robotConfig-version.cmake
[0.113s] -- Up-to-date symlink: /home/duyanh/Documents/2_ros2_prj/pendulum_ws/install/description_robot/share/description_robot/package.xml
[0.116s] Invoked command in '/home/duyanh/Documents/2_ros2_prj/pendulum_ws/build/description_robot' returned '0': CMAKE_PREFIX_PATH=${CMAKE_PREFIX_PATH}:/opt/ros/jazzy DEBUGINFOD_URLS=https://debuginfod.ubuntu.com /usr/bin/cmake --install /home/duyanh/Documents/2_ros2_prj/pendulum_ws/build/description_robot
