[0.908s] Invoking command in '/home/duyanh/Documents/2_ros2_prj/pendulum_ws/src/pendulum_stabilizer_control': DEBUGINFOD_URLS=https://debuginfod.ubuntu.com PYTHONPATH=/home/duyanh/Documents/2_ros2_prj/pendulum_ws/build/pendulum_stabilizer_control/prefix_override:/usr/lib/python3/dist-packages/colcon_core/task/python/colcon_distutils_commands:/home/duyanh/Documents/2_ros2_prj/pendulum_ws/install/pendulum_stabilizer_control/lib/python3.12/site-packages:${PYTHONPATH} /usr/bin/python3 -W ignore:setup.py install is deprecated -W ignore:easy_install command is deprecated setup.py egg_info --egg-base ../../build/pendulum_stabilizer_control build --build-base /home/duyanh/Documents/2_ros2_prj/pendulum_ws/build/pendulum_stabilizer_control/build install --record /home/duyanh/Documents/2_ros2_prj/pendulum_ws/build/pendulum_stabilizer_control/install.log --install-scripts $base/lib/pendulum_control --single-version-externally-managed install_data
[1.130s] running egg_info
[1.131s] creating ../../build/pendulum_stabilizer_control/pendulum_stabilizer_control.egg-info
[1.143s] writing ../../build/pendulum_stabilizer_control/pendulum_stabilizer_control.egg-info/PKG-INFO
[1.143s] writing dependency_links to ../../build/pendulum_stabilizer_control/pendulum_stabilizer_control.egg-info/dependency_links.txt
[1.143s] writing entry points to ../../build/pendulum_stabilizer_control/pendulum_stabilizer_control.egg-info/entry_points.txt
[1.143s] writing requirements to ../../build/pendulum_stabilizer_control/pendulum_stabilizer_control.egg-info/requires.txt
[1.143s] writing top-level names to ../../build/pendulum_stabilizer_control/pendulum_stabilizer_control.egg-info/top_level.txt
[1.143s] writing manifest file '../../build/pendulum_stabilizer_control/pendulum_stabilizer_control.egg-info/SOURCES.txt'
[1.171s] reading manifest file '../../build/pendulum_stabilizer_control/pendulum_stabilizer_control.egg-info/SOURCES.txt'
[1.172s] writing manifest file '../../build/pendulum_stabilizer_control/pendulum_stabilizer_control.egg-info/SOURCES.txt'
[1.172s] running build
[1.172s] running build_py
[1.173s] creating /home/duyanh/Documents/2_ros2_prj/pendulum_ws/build/pendulum_stabilizer_control/build
[1.173s] creating /home/duyanh/Documents/2_ros2_prj/pendulum_ws/build/pendulum_stabilizer_control/build/lib
[1.173s] creating /home/duyanh/Documents/2_ros2_prj/pendulum_ws/build/pendulum_stabilizer_control/build/lib/pendulum_stabilizer_control
[1.173s] copying pendulum_stabilizer_control/controller_code.py -> /home/duyanh/Documents/2_ros2_prj/pendulum_ws/build/pendulum_stabilizer_control/build/lib/pendulum_stabilizer_control
[1.174s] copying pendulum_stabilizer_control/__init__.py -> /home/duyanh/Documents/2_ros2_prj/pendulum_ws/build/pendulum_stabilizer_control/build/lib/pendulum_stabilizer_control
[1.174s] running install
[1.179s] running install_lib
[1.193s] creating /home/duyanh/Documents/2_ros2_prj/pendulum_ws/install/pendulum_stabilizer_control/lib/python3.12/site-packages/pendulum_stabilizer_control
[1.193s] copying /home/duyanh/Documents/2_ros2_prj/pendulum_ws/build/pendulum_stabilizer_control/build/lib/pendulum_stabilizer_control/controller_code.py -> /home/duyanh/Documents/2_ros2_prj/pendulum_ws/install/pendulum_stabilizer_control/lib/python3.12/site-packages/pendulum_stabilizer_control
[1.193s] copying /home/duyanh/Documents/2_ros2_prj/pendulum_ws/build/pendulum_stabilizer_control/build/lib/pendulum_stabilizer_control/__init__.py -> /home/duyanh/Documents/2_ros2_prj/pendulum_ws/install/pendulum_stabilizer_control/lib/python3.12/site-packages/pendulum_stabilizer_control
[1.194s] byte-compiling /home/duyanh/Documents/2_ros2_prj/pendulum_ws/install/pendulum_stabilizer_control/lib/python3.12/site-packages/pendulum_stabilizer_control/controller_code.py to controller_code.cpython-312.pyc
[1.194s] byte-compiling /home/duyanh/Documents/2_ros2_prj/pendulum_ws/install/pendulum_stabilizer_control/lib/python3.12/site-packages/pendulum_stabilizer_control/__init__.py to __init__.cpython-312.pyc
[1.194s] running install_data
[1.195s] creating /home/duyanh/Documents/2_ros2_prj/pendulum_ws/install/pendulum_stabilizer_control/share/ament_index
[1.195s] creating /home/duyanh/Documents/2_ros2_prj/pendulum_ws/install/pendulum_stabilizer_control/share/ament_index/resource_index
[1.195s] creating /home/duyanh/Documents/2_ros2_prj/pendulum_ws/install/pendulum_stabilizer_control/share/ament_index/resource_index/packages
[1.196s] error: can't copy 'resource/pendulum_stabilizer_control': doesn't exist or not a regular file
[1.253s] Invoked command in '/home/duyanh/Documents/2_ros2_prj/pendulum_ws/src/pendulum_stabilizer_control' returned '1': DEBUGINFOD_URLS=https://debuginfod.ubuntu.com PYTHONPATH=/home/duyanh/Documents/2_ros2_prj/pendulum_ws/build/pendulum_stabilizer_control/prefix_override:/usr/lib/python3/dist-packages/colcon_core/task/python/colcon_distutils_commands:/home/duyanh/Documents/2_ros2_prj/pendulum_ws/install/pendulum_stabilizer_control/lib/python3.12/site-packages:${PYTHONPATH} /usr/bin/python3 -W ignore:setup.py install is deprecated -W ignore:easy_install command is deprecated setup.py egg_info --egg-base ../../build/pendulum_stabilizer_control build --build-base /home/duyanh/Documents/2_ros2_prj/pendulum_ws/build/pendulum_stabilizer_control/build install --record /home/duyanh/Documents/2_ros2_prj/pendulum_ws/build/pendulum_stabilizer_control/install.log --install-scripts $base/lib/pendulum_control --single-version-externally-managed install_data
