-- Install configuration: ""
-- Up-to-date: /home/duyanh/Documents/2_ros2_prj/pendulum_ws/install/description_robot/share/description_robot/launch
-- Installing: /home/duyanh/Documents/2_ros2_prj/pendulum_ws/install/description_robot/share/description_robot/launch/gazebo.launch.py
-- Up-to-date: /home/duyanh/Documents/2_ros2_prj/pendulum_ws/install/description_robot/share/description_robot/urdf
-- Up-to-date: /home/duyanh/Documents/2_ros2_prj/pendulum_ws/install/description_robot/share/description_robot/urdf/2description.urdf.xacro
-- Up-to-date: /home/duyanh/Documents/2_ros2_prj/pendulum_ws/install/description_robot/share/description_robot/urdf/description.urdf.xacro
-- Up-to-date: /home/duyanh/Documents/2_ros2_prj/pendulum_ws/install/description_robot/share/description_robot/urdf/include.xacro
-- Up-to-date: /home/duyanh/Documents/2_ros2_prj/pendulum_ws/install/description_robot/share/ament_index/resource_index/package_run_dependencies/description_robot
-- Up-to-date: /home/duyanh/Documents/2_ros2_prj/pendulum_ws/install/description_robot/share/ament_index/resource_index/parent_prefix_path/description_robot
-- Up-to-date: /home/duyanh/Documents/2_ros2_prj/pendulum_ws/install/description_robot/share/description_robot/environment/ament_prefix_path.sh
-- Up-to-date: /home/duyanh/Documents/2_ros2_prj/pendulum_ws/install/description_robot/share/description_robot/environment/ament_prefix_path.dsv
-- Up-to-date: /home/duyanh/Documents/2_ros2_prj/pendulum_ws/install/description_robot/share/description_robot/environment/path.sh
-- Up-to-date: /home/duyanh/Documents/2_ros2_prj/pendulum_ws/install/description_robot/share/description_robot/environment/path.dsv
-- Up-to-date: /home/duyanh/Documents/2_ros2_prj/pendulum_ws/install/description_robot/share/description_robot/local_setup.bash
-- Up-to-date: /home/duyanh/Documents/2_ros2_prj/pendulum_ws/install/description_robot/share/description_robot/local_setup.sh
-- Up-to-date: /home/duyanh/Documents/2_ros2_prj/pendulum_ws/install/description_robot/share/description_robot/local_setup.zsh
-- Up-to-date: /home/duyanh/Documents/2_ros2_prj/pendulum_ws/install/description_robot/share/description_robot/local_setup.dsv
-- Up-to-date: /home/duyanh/Documents/2_ros2_prj/pendulum_ws/install/description_robot/share/description_robot/package.dsv
-- Up-to-date: /home/duyanh/Documents/2_ros2_prj/pendulum_ws/install/description_robot/share/ament_index/resource_index/packages/description_robot
-- Up-to-date: /home/duyanh/Documents/2_ros2_prj/pendulum_ws/install/description_robot/share/description_robot/cmake/description_robotConfig.cmake
-- Up-to-date: /home/duyanh/Documents/2_ros2_prj/pendulum_ws/install/description_robot/share/description_robot/cmake/description_robotConfig-version.cmake
-- Up-to-date: /home/duyanh/Documents/2_ros2_prj/pendulum_ws/install/description_robot/share/description_robot/package.xml
